
DatabaseConnection/mymysql -n default, created 1m ago
  Current: Resource is Ready
  Ready ConnectionEstablished, Database connection successfully established. for 1m
