
CronJob/hello -n default, created 1m ago
  Not yet scheduled
  Current: Resource is always ready
