
CronJob/hello -n default, created 1m ago, last ran at 2020-03-18T00:47:00Z (1m ago)
  Current: Resource is always ready
