
Deployment/httpbin-deployment -n test1, created 1m ago, gen:1 rev:1
  InProgress: Available: 1/3
    Reconciling: LessAvailable, Available: 1/3
  desired:3, existing:3, ready:1, updated:3, available:1, unavailable:2
  Available MinimumReplicasUnavailable, Deployment does not have minimum availability. for 1m
  Progressing ReplicaSetUpdated, ReplicaSet "httpbin-deployment-79f6dfbb9" is progressing. for 1m
  Ongoing Rollout: Waiting for deployment "httpbin-deployment" rollout to finish: 1 of 3 updated replicas are available...
