
Deployment/httpbin-deployment -n test1, created 1m ago, gen:1 rev:1
  InProgress: Replicas: 0/3
    Reconciling: LessReplicas, Replicas: 0/3
  desired:3, ready:0, updated:0, available:0
  Progressing NewReplicaSetCreated, Created new replica set "httpbin-deployment-79f6dfbb9" for 1m
  Ongoing Rollout: Waiting for deployment spec update to be observed...
  Outage: Deployment has no Ready replicas.
