
Job/hello-1584493380 -n default, created 1m ago by CronJob/hello
  InProgress: Job not started
    Reconciling: JobNotStarted, Job not started
