
Job/hello-1584493380 -n default, created 1m ago by CronJob/hello and completed in 1m, Succeeded
  Current: Job Completed. succeeded: 1/1
  Complete for 1m
