
Job/hello-1584493380 -n default, created 1m ago by CronJob/hello, Active
  Current: Job in progress. success:0, active: 1, failed: 0
