
ReplicaSet/httpbin-deployment-79f6dfbb9 -n test1, created 1m ago by Deployment/httpbin-deployment, gen:1
  InProgress: Available: 0/3
    Reconciling: LessAvailable, Available: 0/3
  Outage: ReplicaSet has no Ready replicas.
