
ReplicaSet/httpbin-deployment-79f6dfbb9 -n test1, created 1m ago by Deployment/httpbin-deployment, gen:1
  InProgress: Available: 1/3
    Reconciling: LessAvailable, Available: 1/3
