
ReplicaSet/httpbin-deployment-79f6dfbb9 -n test1, created 1m ago by Deployment/httpbin-deployment, gen:1
  InProgress: Labelled: 0/3
    Reconciling: LessLabelled, Labelled: 0/3
  Outage: ReplicaSet has no Ready replicas.
