
Service/kube-dns -n kube-system, created 1m ago
  Current: Service is ready
  Missing Endpoint: Service has no matching endpoint.
