
StatefulSet/web -n test1, created 1m ago, gen:4
  Current: Partition rollout complete. updated: 0
  desired:0, ready:0, current:0
  Suspended: Scaled down to 0.
  Outage: StatefulSet has no Ready replicas.
