
StatefulSet/web -n test1, created 1m ago, gen:2
  InProgress: Ready: 2/3
    Reconciling: LessReady, Ready: 2/3
  desired:3, existing:3, ready:2, current:3
  Ongoing rollout: Waiting for 1 pods to be ready...
  Stuck Rollout?: Still replacing the first Pod, may indicate a stuck rollout.
