
StatefulSet/web -n test1, created 1m ago, gen:1
  InProgress: Replicas: 1/3
    Reconciling: LessReplicas, Replicas: 1/3
  desired:3, existing:1, ready:0, current:1, updated:1
  Outage: StatefulSet has no Ready replicas.
  Stuck Initial Rollout? First rollout not yet progressed.
  Ongoing rollout: Waiting for 3 pods to be ready...
  Stuck Rollout?: Still replacing the first Pod, may indicate a stuck rollout.
